
SYMBOLS BY NAME

    5cac CODE       _IncrementVcore     
    1c00            ___RAM_Address      
    4000            ___RAM_Size         
       0            ___begin_IDATA0     
       0            ___begin_THREAD     
       0            ___begin_UDATA0     
       0            ___end_IDATA0       
       0            ___end_THREAD       
       0            ___end_UDATA0       
    5c14 CODE       _main               
    5d4e CODE       _memcpy             
    5d5e CODE       _memset             
    5c14 CONST      thread_init_begin   
    5c14 CONST      thread_init_end     


SYMBOLS BY VALUE

       0            ___begin_IDATA0     
       0            ___begin_THREAD     
       0            ___begin_UDATA0     
       0            ___end_IDATA0       
       0            ___end_THREAD       
       0            ___end_UDATA0       
    1c00            ___RAM_Address      
    4000            ___RAM_Size         
    5c14 CODE       _main               
    5c14 CONST      thread_init_begin   
    5c14 CONST      thread_init_end     
    5cac CODE       _IncrementVcore     
    5d4e CODE       _memcpy             
    5d5e CODE       _memset             
