
SYMBOLS BY NAME

    1c00 IDATA0     _ButtonPressed      
    5cd2 CODE       _IncrementVcore     
    5c00 ISR        _InterruptService_BUTTON
    1c00            ___RAM_Address      
    4000            ___RAM_Size         
    1c00            ___begin_IDATA0     
       0            ___begin_THREAD     
       0            ___begin_UDATA0     
    1c04            ___end_IDATA0       
       0            ___end_THREAD       
       0            ___end_UDATA0       
    5c58 CODE       _main               
    5d74 CODE       _memcpy             
    5d84 CODE       _memset             
    1c02 IDATA0     _time               
    5c58 CONST      thread_init_begin   
    5c58 CONST      thread_init_end     


SYMBOLS BY VALUE

       0            ___begin_THREAD     
       0            ___begin_UDATA0     
       0            ___end_THREAD       
       0            ___end_UDATA0       
    1c00            ___RAM_Address      
    1c00            ___begin_IDATA0     
    1c00 IDATA0     _ButtonPressed      
    1c02 IDATA0     _time               
    1c04            ___end_IDATA0       
    4000            ___RAM_Size         
    5c00 ISR        _InterruptService_BUTTON
    5c58 CODE       _main               
    5c58 CONST      thread_init_begin   
    5c58 CONST      thread_init_end     
    5cd2 CODE       _IncrementVcore     
    5d74 CODE       _memcpy             
    5d84 CODE       _memset             
