
SYMBOLS BY NAME

    5d06 CODE       _IncrementVcore     
    5c00 ISR        _InterruptService_BUTTON
    5c30 ISR        _InterruptSeverice_ADC12A
    1c00            ___RAM_Address      
    4000            ___RAM_Size         
    1c00            ___begin_IDATA0     
       0            ___begin_THREAD     
       0            ___begin_UDATA0     
    1c02            ___end_IDATA0       
       0            ___end_THREAD       
       0            ___end_UDATA0       
    1c00 IDATA0     _buttonpressed      
    5c64 CODE       _main               
    5da8 CODE       _memcpy             
    5db8 CODE       _memset             
    5c64 CONST      thread_init_begin   
    5c64 CONST      thread_init_end     


SYMBOLS BY VALUE

       0            ___begin_THREAD     
       0            ___begin_UDATA0     
       0            ___end_THREAD       
       0            ___end_UDATA0       
    1c00            ___RAM_Address      
    1c00            ___begin_IDATA0     
    1c00 IDATA0     _buttonpressed      
    1c02            ___end_IDATA0       
    4000            ___RAM_Size         
    5c00 ISR        _InterruptService_BUTTON
    5c30 ISR        _InterruptSeverice_ADC12A
    5c64 CONST      thread_init_end     
    5c64 CODE       _main               
    5c64 CONST      thread_init_begin   
    5d06 CODE       _IncrementVcore     
    5da8 CODE       _memcpy             
    5db8 CODE       _memset             
