
SYMBOLS BY NAME

    1c00 IDATA0     _Blink              
    1c02 UDATA0     _ModeCounter        
    1c00            ___RAM_Address      
    4000            ___RAM_Size         
    1c00            ___begin_IDATA0     
       0            ___begin_THREAD     
    1c02            ___begin_UDATA0     
    1c02            ___end_IDATA0       
       0            ___end_THREAD       
    1c04            ___end_UDATA0       
    5c00 ISR        _buttonLPM_ISR      
    5cfc CODE       _main               
    5d7c CODE       _memcpy             
    5d8c CODE       _memset             
    5cfc CONST      thread_init_begin   
    5cfc CONST      thread_init_end     


SYMBOLS BY VALUE

       0            ___begin_THREAD     
       0            ___end_THREAD       
    1c00            ___RAM_Address      
    1c00            ___begin_IDATA0     
    1c00 IDATA0     _Blink              
    1c02 UDATA0     _ModeCounter        
    1c02            ___begin_UDATA0     
    1c02            ___end_IDATA0       
    1c04            ___end_UDATA0       
    4000            ___RAM_Size         
    5c00 ISR        _buttonLPM_ISR      
    5cfc CONST      thread_init_end     
    5cfc CODE       _main               
    5cfc CONST      thread_init_begin   
    5d7c CODE       _memcpy             
    5d8c CODE       _memset             
